// Jest Snapshot v1, https://goo.gl/fbAQLP

exports[`test alerts initial state 1`] = `undefined`;
